
> satori-learning-support-application-dashboard@0.1.0 build
> next build

Γû▓ Next.js 16.1.3 (Turbopack)
- Environments: .env.local

  Creating an optimized production build ...
node.exe : 
At C:\Program Files\nodejs\npm.ps1:29 char:3
+   & $NODE_EXE $NPM_CLI_JS $args
+   ~~~~~~~~~~~~~~~~~~~~~~~~~~~~~
    + CategoryInfo          : NotSpecified: (:String) [], R 
   emoteException
    + FullyQualifiedErrorId : NativeCommandError
 
> Build error occurred
Error: Turbopack build failed with 1 errors:
./features/users/UserListFeature.tsx:10:1
Module not found: Can't resolve 
'../../../shared/services/user.service'
[0m [90m  8 |[39m [36mimport[39m [33mUserFilters[39m 
[36mfrom[39m 
[32m'./components/UserFilters'[39m[33m;[39m
 [90m  9 |[39m [36mimport[39m [33mPagination[39m 
[36mfrom[39m 
[32m'@/shared/components/Pagination'[39m[33m;[39m
[31m[1m>[22m[39m[90m 10 |[39m [36mimport[39m { 
userService } [36mfrom[39m 
[32m'../../../shared/services/user.service'[39m[33m;[39m
 [90m    |[39m [31m[1m^[22m[39m[31m[1m^[22m[39m[3
1m[1m^[22m[39m[31m[1m^[22m[39m[31m[1m^[22m[39m[3
1m[1m^[22m[39m[31m[1m^[22m[39m[31m[1m^[22m[39m[3
1m[1m^[22m[39m[31m[1m^[22m[39m[31m[1m^[22m[39m[3
1m[1m^[22m[39m[31m[1m^[22m[39m[31m[1m^[22m[39m[3
1m[1m^[22m[39m[31m[1m^[22m[39m[31m[1m^[22m[39m[3
1m[1m^[22m[39m[31m[1m^[22m[39m[31m[1m^[22m[39m[3
1m[1m^[22m[39m[31m[1m^[22m[39m[31m[1m^[22m[39m[3
1m[1m^[22m[39m[31m[1m^[22m[39m[31m[1m^[22m[39m[3
1m[1m^[22m[39m[31m[1m^[22m[39m[31m[1m^[22m[39m[3
1m[1m^[22m[39m[31m[1m^[22m[39m[31m[1m^[22m[39m[3
1m[1m^[22m[39m[31m[1m^[22m[39m[31m[1m^[22m[39m[3
1m[1m^[22m[39m[31m[1m^[22m[39m[31m[1m^[22m[39m[3
1m[1m^[22m[39m[31m[1m^[22m[39m[31m[1m^[22m[39m[3
1m[1m^[22m[39m[31m[1m^[22m[39m[31m[1m^[22m[39m[3
1m[1m^[22m[39m[31m[1m^[22m[39m[31m[1m^[22m[39m[3
1m[1m^[22m[39m[31m[1m^[22m[39m[31m[1m^[22m[39m[3
1m[1m^[22m[39m[31m[1m^[22m[39m[31m[1m^[22m[39m[3
1m[1m^[22m[39m[31m[1m^[22m[39m[31m[1m^[22m[39m[3
1m[1m^[22m[39m[31m[1m^[22m[39m[31m[1m^[22m[39m[3
1m[1m^[22m[39m[31m[1m^[22m[39m[31m[1m^[22m[39m[3
1m[1m^[22m[39m[31m[1m^[22m[39m[31m[1m^[22m[39m[3
1m[1m^[22m[39m[31m[1m^[22m[39m[31m[1m^[22m[39m
 [90m 11 |[39m [36mimport[39m 
[33mCommonTable[39m[33m,[39m { [33mColumn[39m } 
[36mfrom[39m 
[32m'@/shared/components/CommonTable'[39m[33m;[39m
 [90m 12 |[39m [36mimport[39m [33mConfirmModal[39m 
[36mfrom[39m 
[32m'@/shared/components/ConfirmModal'[39m[33m;[39m
 [90m 13 |[39m [36mimport[39m 
[33mToast[39m[33m,[39m { [33mToastType[39m } 
[36mfrom[39m 
[32m'@/shared/components/Toast'[39m[33m;[39m[0m



Import traces:
  Client Component Browser:
    ./features/users/UserListFeature.tsx [Client Component 
Browser]
    ./app/(admin)/admin/users/page.tsx [Client Component 
Browser]
    ./app/(admin)/admin/users/page.tsx [Server Component]

  Client Component SSR:
    ./features/users/UserListFeature.tsx [Client Component 
SSR]
    ./app/(admin)/admin/users/page.tsx [Client Component 
SSR]
    ./app/(admin)/admin/users/page.tsx [Server Component]

https://nextjs.org/docs/messages/module-not-found


    at <unknown> (./features/users/UserListFeature.tsx:10:1)
    at <unknown> 
(https://nextjs.org/docs/messages/module-not-found)
